

 CARDFILE

 Start     Length     Name                   Class
 0001:0000 00623H     _TEXT                  CODE
 0002:0000 005E6H     _NEW                   CODE
 0003:0000 01107H     _FILE                  CODE
 0004:0000 02997H     _NRES1                 CODE
 0005:0000 0115CH     _NRES2                 CODE
 0006:0000 014DDH     _NRES3                 CODE
 0007:0000 00010H     NULL                   BEGDATA
 0007:0010 00138H     _DATA                  DATA
 0007:0148 0000EH     CDATA                  DATA
 0007:0156 00000H     XIB                    DATA
 0007:0156 00000H     XI                     DATA
 0007:0156 00000H     XIE                    DATA
 0007:0156 00000H     XPB                    DATA
 0007:0156 00000H     XP                     DATA
 0007:0156 00000H     XPE                    DATA
 0007:0156 00000H     XCB                    DATA
 0007:0156 00000H     XC                     DATA
 0007:0156 00000H     XCE                    DATA
 0007:0156 00000H     CONST                  CONST
 0007:0160 00000H     _BSS                   BSS
 0007:0160 00000H     XOB                    BSS
 0007:0160 00000H     XO                     BSS
 0007:0160 00000H     XOE                    BSS
 0007:0160 0038AH     c_common               BSS

 Origin   Group
 0007:0   DGROUP

 Address   Export                  Alias

 0004:0000 CardfileWndProc         CardfileWndProc
 0004:1CED CardWndProc             CardWndProc
 0006:0746 DlgProc                 DlgProc
 0005:0896 fnAbortDlgProc          fnAbortDlgProc
 0005:0823 fnAbortProc             fnAbortProc
 0006:0646 fnAbout                 fnAbout
 0006:0845 fnDial                  fnDial
 0006:0000 fnOpen                  fnOpen
 0006:03F3 fnSave                  fnSave

  Address         Publics by Name

 0004:1F14       ADDCURCARD
 0006:0ED3       ANSIFIND
 0000:0000  Imp  ANSINEXT             (KERNEL.77)
 0000:0000  Imp  ANSIPREV             (KERNEL.78)
 0000:0000  Imp  ANSIUPPER            (KERNEL.79)
 0003:047F       APPENDEXTENSION
 0000:0000  Imp  BEGINPAINT           (USER.39)
 0000:0000  Imp  BITBLT               (GDI.34)
 0005:1054       BMKEY
 0005:0CF6       BMMOUSE
 0004:2473       BRINGCARDONSCREEN
 0004:189A       BUILDCAPTION
 0000:0000  Imp  CALLWINDOWPROC       (USER.122)
 0004:2317       CARDCHAR
 0004:03A1       CARDFILEERASEBKGND
 0002:03E8       CARDFILEINIT
 0004:0970       CARDFILEINPUT
 0004:13FE       CARDFILEMOUSE
 0004:1724       CARDFILEOKERROR
 0004:0442       CARDFILEPAINT
 0004:19BE       CARDFILESCROLL
 0004:08F5       CARDFILESIZE
 0004:1935       CARDFILEWININICHANGE
 0004:0000       CardfileWndProc
 0007:04E6       CARDHEIGHT
 0004:2295       CARDKEY
 0004:1DFF       CARDPAINT
 0007:00B2       CARDPHONE
 0007:0410       CARDPRINTHEIGHT
 0007:0380       CARDPRINTWIDTH
 0007:02B2       CARDWIDTH
 0004:1CED       CardWndProc
 0007:02DA       CCARDS
 0007:02CA       CFSHEADS
 0000:0000  Imp  CHANGEMENU           (USER.153)
 0007:031C       CHARFIXHEIGHT
 0007:04E8       CHARFIXWIDTH
 0007:0318       CHARPRINTHEIGHT
 0007:02C4       CHARPRINTWIDTH
 0000:0000  Imp  CHECKMENUITEM        (USER.154)
 0006:0608       CHECKOKENABLE
 0000:0000  Imp  CHECKRADIOBUTTON     (USER.96)
 0001:00F0       chkstk
 0000:0000  Imp  CLIENTTOSCREEN       (USER.28)
 0000:0000  Imp  CLOSECLIPBOARD       (USER.138)
 0000:0000  Imp  CLOSECOMM            (USER.207)
 0000:0000  Imp  CREATEBITMAP         (GDI.48)
 0000:0000  Imp  CREATEBRUSHINDIRECT  (GDI.50)
 0000:0000  Imp  CREATECOMPATIBLEDC   (GDI.52)
 0000:0000  Imp  CREATEDC             (GDI.53)
 0000:0000  Imp  CREATEDIALOG         (USER.89)
 0000:0000  Imp  CREATEIC             (GDI.153)
 0000:0000  Imp  CREATESOLIDBRUSH     (GDI.66)
 0000:0000  Imp  CREATEWINDOW         (USER.41)
 0007:031A       CSCREENCARDS
 0007:02C2       CSCREENHEADS
 0007:02B4       CURCARD
 0007:01EE       CURCARDHEAD
 0007:0390       CURIFILE
 0007:04B0       CURIFIND
 0007:034A       CXMAINWINDOW
 0007:034C       CYMAINWINDOW
 0007:0382       DBCMD
 0000:0000  Imp  DEFWINDOWPROC        (USER.107)
 0004:1EC1       DELETECARD
 0000:0000  Imp  DELETEDC             (GDI.68)
 0000:0000  Imp  DELETEOBJECT         (GDI.69)
 0000:0000  Imp  DESTROYWINDOW        (USER.53)
 0000:0000  Imp  DIALOGBOX            (USER.87)
 0000:0000  Imp  DISPATCHMESSAGE      (USER.114)
 0006:02F8       DLGADDCORRECTEXTENSION
 0000:0000  Imp  DLGDIRLIST           (USER.100)
 0000:0000  Imp  DLGDIRSELECT         (USER.99)
 0006:0746       DlgProc
 0005:09B0       DOCUTCOPY
 0006:1149       DODIAL
 0006:0BA5       DOGOTO
 0004:2688       DOMERGE
 0004:273D       DOOPEN
 0005:0ACA       DOPASTE
 0007:0386       DRAGPT
 0007:01E0       DRAGRECT
 0005:0F89       DRAWXORRECT
 0007:00CA       EDITMODE
 0000:0000  Imp  EMPTYCLIPBOARD       (USER.139)
 0000:0000  Imp  ENABLEMENUITEM       (USER.155)
 0000:0000  Imp  ENABLEWINDOW         (USER.34)
 0000:0000  Imp  ENDDIALOG            (USER.88)
 0000:0000  Imp  ENDPAINT             (USER.40)
 0000:0000  Imp  ENUMCLIPBOARDFORMATS (USER.144)
 0000:0000  Imp  ESCAPE               (GDI.38)
 0007:01EC       EXTLEADING
 0007:038E       EXTPRINTLEADING
 0007:0350       FABORT
 0000:0000  Imp  FATALEXIT            (KERNEL.1)
 0007:02CE       FBMDOWN
 0007:00DE       FCANPRINT
 0007:00D8       FCARDCLEARED
 0003:0F46       FDELETE
 0007:01EA       FERROR
 0007:00E6       FFASTMODEM
 0007:00CE       FFILEDIRTY
 0000:0000  Imp  FILLRECT             (USER.81)
 0006:0C9C       FINDSTRCARD
 0005:01D2       FINISHPRINTING
 0000:0000  Imp  FLUSHCOMM            (USER.215)
 0007:00E2       FMODEMONCOM1
 0005:0896       fnAbortDlgProc
 0005:0823       fnAbortProc
 0006:0646       fnAbout
 0006:0845       fnDial
 0007:00CC       FNEEDTOUPDATEBITMAP
 0006:0000       fnOpen
 0006:03F3       fnSave
 0000:0000  Imp  FRAMERECT            (USER.83)
 0007:00DC       FREADONLY
 0003:0F2B       FRENAME
 0007:00DA       FSCROLLING
 0006:03CC       FSEARCHSPEC
 0007:00C8       FSETTINGTEXT
 0007:00E4       FTONE
 0007:00E0       FWININIMODEM
 0000:0000  Imp  GETBITMAPBITS        (GDI.74)
 0000:0000  Imp  GETCLIENTRECT        (USER.33)
 0000:0000  Imp  GETCLIPBOARDDATA     (USER.142)
 0000:0000  Imp  GETCOMMERROR         (USER.203)
 0000:0000  Imp  GETCOMMSTATE         (USER.202)
 0000:0000  Imp  GETCURRENTTIME       (USER.15)
 0000:0000  Imp  GETDC                (USER.66)
 0000:0000  Imp  GETDEVICECAPS        (GDI.80)
 0000:0000  Imp  GETDLGITEM           (USER.91)
 0000:0000  Imp  GETDLGITEMTEXT       (USER.93)
 0000:0000  Imp  GETFOCUS             (USER.23)
 0000:0000  Imp  GETINSTANCEDATA      (KERNEL.54)
 0000:0000  Imp  GETKEYSTATE          (USER.106)
 0000:0000  Imp  GETMENU              (USER.157)
 0000:0000  Imp  GETMESSAGE           (USER.108)
 0000:0000  Imp  GETMODULEUSAGE       (KERNEL.48)
 0004:1597       GETNEWCARD
 0004:2903       GETNEWFILENAME
 0000:0000  Imp  GETOBJECT            (GDI.82)
 0002:0000       GETOLDDATA
 0006:0F86       GETPHONENUMBER
 0000:0000  Imp  GETPROFILESTRING     (KERNEL.58)
 0000:0000  Imp  GETSTOCKOBJECT       (GDI.87)
 0000:0000  Imp  GETSYSCOLOR          (USER.180)
 0000:0000  Imp  GETSYSTEMMENU        (USER.156)
 0000:0000  Imp  GETTEMPFILENAME      (KERNEL.97)
 0000:0000  Imp  GETTEXTMETRICS       (GDI.93)
 0000:0000  Imp  GETWINDOWLONG        (USER.135)
 0000:0000  Imp  GETWINDOWTEXT        (USER.36)
 0000:0000  Imp  GETWINDOWTEXTLENGTH  (USER.38)
 0000:0000  Imp  GLOBALALLOC          (KERNEL.15)
 0000:0000  Imp  GLOBALFREE           (KERNEL.17)
 0000:0000  Imp  GLOBALLOCK           (KERNEL.18)
 0000:0000  Imp  GLOBALREALLOC        (KERNEL.16)
 0000:0000  Imp  GLOBALSIZE           (KERNEL.20)
 0000:0000  Imp  GLOBALUNLOCK         (KERNEL.19)
 0007:037E       HABORTDLGWND
 0007:02CC       HACCEL
 0007:02D4       HARROWCURS
 0007:04E4       HBRBACK
 0007:022A       HBRBLACK
 0007:034E       HBRGRAY
 0007:01E8       HBRLINE
 0007:04D8       HBRWHITE
 0007:02D0       HCARDFILEINSTANCE
 0007:0312       HCARDFILEWND
 0007:0310       HCARDS
 0007:02D2       HCARDWND
 0007:030E       HEDITCURS
 0007:022C       HSYSMENU
 0007:037C       HWAITCURS
 0007:037A       ICARDSTARTSCROLL
 0007:00B4       IFIRSTCARD
 0000:0000  Imp  INFLATERECT          (USER.78)
 0000:0000  Imp  INITAPP              (USER.5)
 0002:00E5       INITINSTANCE
 0000:0000  Imp  INITTASK             (KERNEL.91)
 0006:06D4       INTEGERTOASCII
 0000:0000  Imp  INTERSECTCLIPRECT    (GDI.22)
 0000:0000  Imp  INVALIDATERECT       (USER.125)
 0000:0000  Imp  INVERTRECT           (USER.82)
 0000:0000  Imp  ISDIALOGMESSAGE      (USER.90)
 0000:0000  Imp  ISDLGBUTTONCHECKED   (USER.98)
 0000:0000  Imp  ISWINDOW             (USER.47)
 0000:0000  Imp  ISWINDOWENABLED      (USER.35)
 0007:00B6       ITOPCARD
 0004:2030       KANJIXLAT
 0000:0000  Imp  LOADACCELERATORS     (USER.177)
 0000:0000  Imp  LOADCURSOR           (USER.173)
 0000:0000  Imp  LOADICON             (USER.174)
 0000:0000  Imp  LOADSTRING           (USER.176)
 0000:0000  Imp  LOCALALLOC           (KERNEL.5)
 0000:0000  Imp  LOCALCOMPACT         (KERNEL.13)
 0000:0000  Imp  LOCALFREE            (KERNEL.7)
 0000:0000  Imp  LOCALREALLOC         (KERNEL.6)
 0000:0000  Imp  LOCALSIZE            (KERNEL.10)
 0007:0346       LPDLGPROC
 0007:02C6       LPEDITWNDPROC
 0007:02AE       LPFNABORTDLGPROC
 0007:04DA       LPFNABORTPROC
 0007:02D6       LPFNABOUT
 0007:0222       LPFNDIAL
 0007:0314       LPFNOPEN
 0007:038A       LPFNSAVE
 0007:0160       MAINREOPEN
 0005:0C17       MAKEBITMAPCOPY
 0004:185A       MAKEBLANKCARD
 0006:13CF       MAKEDIALCMD
 0000:0000  Imp  MAKEPROCINSTANCE     (KERNEL.51)
 0003:0EC7       MAKETMPFILE
 0004:1635       MAPPTTOCARD
 0004:27EE       MAYBESAVEFILE
 0003:0000       MERGECARDFILE
 0004:17BC       MERGESTRINGS
 0000:0000  Imp  MESSAGEBEEP          (USER.104)
 0000:0000  Imp  MESSAGEBOX           (USER.1)
 0000:0000  Imp  MOVEWINDOW           (USER.56)
 0003:0FF8       MYCLOSE
 0003:0F66       MYLREAD
 0003:101A       MYLSEEK
 0003:109A       MYLSTRCAT
 0003:10CF       MYLSTRCMP
 0003:106D       MYLSTRCPY
 0003:1045       MYLSTRLEN
 0003:0F9C       MYLWRITE
 0004:1748       MYMESSAGEBOX
 0003:0FD2       MYOPEN
 0003:0F82       MYREAD
 0003:0FB8       MYWRITE
 0007:02DC       NOTENOUGHMEM
 0000:0000  Imp  OFFSETRECT           (USER.77)
 0000:0000  Imp  OPENCLIPBOARD        (USER.137)
 0000:0000  Imp  OPENCOMM             (USER.200)
 0000:0000  Imp  OPENFILE             (KERNEL.74)
 0004:07BA       PAINTNEWHEADERS
 0006:108C       PARSENUMBER
 0000:0000  Imp  PATBLT               (GDI.29)
 0000:0008  Abs  pAtomTable
 0000:0000  Imp  PEEKMESSAGE          (USER.109)
 0006:05AD       PFILEINPATH
 0004:2556       PHONEKEY
 0004:06B2       PHONEPAINT
 0004:1B53       PHONESCROLL
 0000:0006  Abs  PLOCALHEAP
 0000:0000  Imp  POSTQUITMESSAGE      (USER.6)
 0005:0315       PRINTCARDS
 0005:0630       PRINTCURCARD
 0005:096E       PRINTERROR
 0005:021A       PRINTLIST
 0000:000E  Abs  pStackBot
 0000:000C  Abs  pStackMin
 0000:000A  Abs  pStackTop
 0000:0000  Imp  PTINRECT             (USER.76)
 0004:10F4       PUTUPDB
 0003:0347       READCARDFILE
 0003:0C73       READCURCARDDATA
 0000:0000  Imp  RECTANGLE            (GDI.27)
 0000:0000  Imp  REGISTERCLASS        (USER.57)
 0000:0000  Imp  RELEASECAPTURE       (USER.19)
 0000:0000  Imp  RELEASEDC            (USER.68)
 0004:264B       REPMOV
 0004:2666       REPMOVUP
 0000:0000  Imp  RESTOREDC            (GDI.39)
 0007:0060       RESZERO
 0007:0352       RGCHCARDDATA
 0007:031E       RGCHCARDFILE
 0007:00A8       RGCHCARDFILECLASS
 0007:00C0       RGCHDEVICE
 0007:0412       RGCHUNTITLED
 0007:00B8       RGCHWINDOWS
 0007:0004       rsrvptrs
 0004:2082       SAVECURRENTCARD
 0000:0000  Imp  SAVEDC               (GDI.30)
 0000:0000  Imp  SCROLLWINDOW         (USER.61)
 0000:0000  Imp  SELECTOBJECT         (GDI.45)
 0000:0000  Imp  SENDDLGITEMMESSAGE   (USER.101)
 0000:0000  Imp  SENDMESSAGE          (USER.111)
 0000:0000  Imp  SETBKCOLOR           (GDI.1)
 0000:0000  Imp  SETBKMODE            (GDI.2)
 0000:0000  Imp  SETBRUSHORG          (GDI.148)
 0004:1879       SETCAPTION
 0000:0000  Imp  SETCAPTURE           (USER.18)
 0000:0000  Imp  SETCLIPBOARDDATA     (USER.141)
 0000:0000  Imp  SETCOMMSTATE         (USER.201)
 0004:21A5       SETCURCARD
 0000:0000  Imp  SETCURSOR            (USER.69)
 0000:0000  Imp  SETDLGITEMTEXT       (USER.92)
 0004:13E0       SETEDITTEXT
 0000:0000  Imp  SETFOCUS             (USER.22)
 0006:12C6       SETPORTSTATE
 0000:0000  Imp  SETRECT              (USER.72)
 0000:0000  Imp  SETSCROLLPOS         (USER.62)
 0000:0000  Imp  SETSCROLLRANGE       (USER.64)
 0004:1C4B       SETSCRRANGEANDPOS
 0000:0000  Imp  SETTEXTCOLOR         (GDI.9)
 0004:1088       SETTOPCARD
 0005:0000       SETUPPRINTING
 0000:0000  Imp  SETWINDOWLONG        (USER.136)
 0000:0000  Imp  SETWINDOWTEXT        (USER.37)
 0000:0000  Imp  SHOWWINDOW           (USER.42)
 0007:00F0       STKHQQ
 0000:0000  Imp  STRETCHBLT           (GDI.35)
 0007:00D0       SZEXTSAVE
 0000:0000  Imp  TEXTOUT              (GDI.33)
 0007:022E       TMPFILE
 0007:0430       TMPREOPEN
 0000:0000  Imp  TRANSLATEACCELERATOR (USER.178)
 0000:0000  Imp  TRANSLATEMESSAGE     (USER.113)
 0005:0F47       TURNOFFBITMAPRECT
 0005:0EEF       TURNONBITMAPRECT
 0000:0000  Imp  UNREALIZEOBJECT      (GDI.150)
 0004:1169       UPDATEMENU
 0000:0000  Imp  UPDATEWINDOW         (USER.124)
 0000:0000  Imp  WAITEVENT            (KERNEL.30)
 0001:0000       WINMAIN
 0007:0384       WMERGE
 0003:0504       WRITECARDFILE
 0000:0000  Imp  WRITECOMM            (USER.205)
 0003:0A42       WRITECURCARD
 0000:0000  Imp  WRITEPROFILESTRING   (KERNEL.59)
 0007:04E0       XFIRSTCARD
 0007:0226       XMAX
 0005:0F5D       XORBITMAPRECT
 0007:04E2       YFIRSTCARD
 0007:0228       YMAX
 0007:04DE       YSPACING
 0001:01A4       _brk
 0001:01E3       _calloc
 0001:00F0       _chkstk
 0007:0160       _edata
 0007:013A       _environ
 0007:0116       _errno
 0001:041F       _exit
 0001:020F       _free
 0001:0324       _halloc
 0001:0361       _hfree
 0001:01C0       _malloc
 0001:022D       _realloc
 0001:019C       _sbrk
 0001:01AC       _toChandle
 0000:9876  Abs  __acrtused
 0007:010A       __aintdiv
 0007:00FC       __amblksiz
 0001:05D5       __aNFbulmul
 0001:05F7       __aNlmul
 0001:05D5       __aNNaulmul
 0001:05F7       __aNulmul
 0001:0121       __astart
 0001:010D       __astkovr
 0007:013C       __child
 0001:00F0       __chkstk
 0001:0370       __cinit
 0001:0110       __cintDIV
 0007:013E       __csigtab
 0001:0462       __ctermsub
 0007:0120       __doserrno
 0007:011E       __dosvermajor
 0007:011F       __dosverminor
 0001:0436       __exit
 0001:0253       __expand
 0007:010E       __fac
 0001:0306       __ffree
 0001:02DD       __fmalloc
 0001:0315       __fmsize
 0007:014A       __fpinit
 0001:0113       __fptrap
 0001:0288       __freect
 0001:0279       __memavl
 0001:021E       __msize
 0001:0184       __myalloc
 0001:02BF       __nfree
 0001:029C       __nmalloc
 0001:011C       __NMSG_TEXT
 0001:011C       __NMSG_WRITE
 0001:02CE       __nmsize
 0001:0183       __nullcheck
 0007:0120       __oserr
 0007:0122       __osfile
 0007:011E       __osmajor
 0007:011F       __osminor
 0007:011C       __psp
 0007:011A       __pspadr
 0001:048A       __setargv
 0001:056F       __setenvp
 0007:0118       __umaskval
 0007:0136       ___argc
 0007:0138       ___argv

  Address         Publics by Value

 0000:0000  Imp  CREATEDC             (GDI.53)
 0000:0000  Imp  ISDLGBUTTONCHECKED   (USER.98)
 0000:0000  Imp  SETCLIPBOARDDATA     (USER.141)
 0000:0000  Imp  CHECKMENUITEM        (USER.154)
 0000:0000  Imp  MAKEPROCINSTANCE     (KERNEL.51)
 0000:0000  Imp  GLOBALFREE           (KERNEL.17)
 0000:0000  Imp  ENDPAINT             (USER.40)
 0000:0000  Imp  INVERTRECT           (USER.82)
 0000:0000  Imp  PEEKMESSAGE          (USER.109)
 0000:0000  Imp  WRITEPROFILESTRING   (KERNEL.59)
 0000:0000  Imp  SETCAPTURE           (USER.18)
 0000:0000  Imp  OPENCOMM             (USER.200)
 0000:0000  Imp  SETSCROLLRANGE       (USER.64)
 0000:0000  Imp  BEGINPAINT           (USER.39)
 0000:0000  Imp  GETMODULEUSAGE       (KERNEL.48)
 0000:0000  Imp  LOADACCELERATORS     (USER.177)
 0000:0000  Imp  FLUSHCOMM            (USER.215)
 0000:0000  Imp  GETMESSAGE           (USER.108)
 0000:0000  Imp  ANSIPREV             (KERNEL.78)
 0000:0000  Imp  CLOSECOMM            (USER.207)
 0000:0000  Imp  MOVEWINDOW           (USER.56)
 0000:0000  Imp  OFFSETRECT           (USER.77)
 0000:0000  Imp  CALLWINDOWPROC       (USER.122)
 0000:0000  Imp  GETPROFILESTRING     (KERNEL.58)
 0000:0000  Imp  LOADICON             (USER.174)
 0000:0000  Imp  SETTEXTCOLOR         (GDI.9)
 0000:0000  Imp  LOCALREALLOC         (KERNEL.6)
 0000:0000  Imp  SETCURSOR            (USER.69)
 0000:0000  Imp  SHOWWINDOW           (USER.42)
 0000:0000  Imp  ANSINEXT             (KERNEL.77)
 0000:0000  Imp  SENDDLGITEMMESSAGE   (USER.101)
 0000:0000  Imp  GLOBALREALLOC        (KERNEL.16)
 0000:0000  Imp  SETWINDOWLONG        (USER.136)
 0000:0000  Imp  GLOBALSIZE           (KERNEL.20)
 0000:0000  Imp  UPDATEWINDOW         (USER.124)
 0000:0000  Imp  INVALIDATERECT       (USER.125)
 0000:0000  Imp  ANSIUPPER            (KERNEL.79)
 0000:0000  Imp  GETDC                (USER.66)
 0000:0000  Imp  GETCOMMERROR         (USER.203)
 0000:0000  Imp  LOADSTRING           (USER.176)
 0000:0000  Imp  ENDDIALOG            (USER.88)
 0000:0000  Imp  CREATECOMPATIBLEDC   (GDI.52)
 0000:0000  Imp  ENABLEWINDOW         (USER.34)
 0000:0000  Imp  SAVEDC               (GDI.30)
 0000:0000  Imp  SCROLLWINDOW         (USER.61)
 0000:0000  Imp  WRITECOMM            (USER.205)
 0000:0000  Imp  TRANSLATEMESSAGE     (USER.113)
 0000:0000  Imp  GETFOCUS             (USER.23)
 0000:0000  Imp  ESCAPE               (GDI.38)
 0000:0000  Imp  WAITEVENT            (KERNEL.30)
 0000:0000  Imp  MESSAGEBEEP          (USER.104)
 0000:0000  Imp  CREATEDIALOG         (USER.89)
 0000:0000  Imp  ENUMCLIPBOARDFORMATS (USER.144)
 0000:0000  Imp  CREATEIC             (GDI.153)
 0000:0000  Imp  SETDLGITEMTEXT       (USER.92)
 0000:0000  Imp  REGISTERCLASS        (USER.57)
 0000:0000  Imp  CLIENTTOSCREEN       (USER.28)
 0000:0000  Imp  GETTEMPFILENAME      (KERNEL.97)
 0000:0000  Imp  CLOSECLIPBOARD       (USER.138)
 0000:0000  Imp  TRANSLATEACCELERATOR (USER.178)
 0000:0000  Imp  DELETEOBJECT         (GDI.69)
 0000:0000  Imp  DLGDIRSELECT         (USER.99)
 0000:0000  Imp  GETBITMAPBITS        (GDI.74)
 0000:0000  Imp  SETFOCUS             (USER.22)
 0000:0000  Imp  SENDMESSAGE          (USER.111)
 0000:0000  Imp  GETSTOCKOBJECT       (GDI.87)
 0000:0000  Imp  GETWINDOWTEXTLENGTH  (USER.38)
 0000:0000  Imp  PTINRECT             (USER.76)
 0000:0000  Imp  ISWINDOWENABLED      (USER.35)
 0000:0000  Imp  ENABLEMENUITEM       (USER.155)
 0000:0000  Imp  RELEASEDC            (USER.68)
 0000:0000  Imp  GETMENU              (USER.157)
 0000:0000  Imp  GLOBALALLOC          (KERNEL.15)
 0000:0000  Imp  SETCOMMSTATE         (USER.201)
 0000:0000  Imp  BITBLT               (GDI.34)
 0000:0000  Imp  SELECTOBJECT         (GDI.45)
 0000:0000  Imp  GETDLGITEMTEXT       (USER.93)
 0000:0000  Imp  GETCOMMSTATE         (USER.202)
 0000:0000  Imp  GETTEXTMETRICS       (GDI.93)
 0000:0000  Imp  INITAPP              (USER.5)
 0000:0000  Imp  GETOBJECT            (GDI.82)
 0000:0000  Imp  GETSYSCOLOR          (USER.180)
 0000:0000  Imp  CHANGEMENU           (USER.153)
 0000:0000  Imp  FATALEXIT            (KERNEL.1)
 0000:0000  Imp  INTERSECTCLIPRECT    (GDI.22)
 0000:0000  Imp  GETKEYSTATE          (USER.106)
 0000:0000  Imp  SETBRUSHORG          (GDI.148)
 0000:0000  Imp  LOCALALLOC           (KERNEL.5)
 0000:0000  Imp  GETCLIPBOARDDATA     (USER.142)
 0000:0000  Imp  DELETEDC             (GDI.68)
 0000:0000  Imp  DLGDIRLIST           (USER.100)
 0000:0000  Imp  EMPTYCLIPBOARD       (USER.139)
 0000:0000  Imp  UNREALIZEOBJECT      (GDI.150)
 0000:0000  Imp  GLOBALUNLOCK         (KERNEL.19)
 0000:0000  Imp  CREATESOLIDBRUSH     (GDI.66)
 0000:0000  Imp  STRETCHBLT           (GDI.35)
 0000:0000  Imp  RELEASECAPTURE       (USER.19)
 0000:0000  Imp  RESTOREDC            (GDI.39)
 0000:0000  Imp  LOCALCOMPACT         (KERNEL.13)
 0000:0000  Imp  OPENCLIPBOARD        (USER.137)
 0000:0000  Imp  DIALOGBOX            (USER.87)
 0000:0000  Imp  FILLRECT             (USER.81)
 0000:0000  Imp  MESSAGEBOX           (USER.1)
 0000:0000  Imp  SETRECT              (USER.72)
 0000:0000  Imp  OPENFILE             (KERNEL.74)
 0000:0000  Imp  GETDEVICECAPS        (GDI.80)
 0000:0000  Imp  TEXTOUT              (GDI.33)
 0000:0000  Imp  LOCALFREE            (KERNEL.7)
 0000:0000  Imp  INITTASK             (KERNEL.91)
 0000:0000  Imp  LOADCURSOR           (USER.173)
 0000:0000  Imp  ISDIALOGMESSAGE      (USER.90)
 0000:0000  Imp  FRAMERECT            (USER.83)
 0000:0000  Imp  CHECKRADIOBUTTON     (USER.96)
 0000:0000  Imp  CREATEBITMAP         (GDI.48)
 0000:0000  Imp  GETCLIENTRECT        (USER.33)
 0000:0000  Imp  DEFWINDOWPROC        (USER.107)
 0000:0000  Imp  SETWINDOWTEXT        (USER.37)
 0000:0000  Imp  GETWINDOWTEXT        (USER.36)
 0000:0000  Imp  RECTANGLE            (GDI.27)
 0000:0000  Imp  GETWINDOWLONG        (USER.135)
 0000:0000  Imp  SETBKCOLOR           (GDI.1)
 0000:0000  Imp  LOCALSIZE            (KERNEL.10)
 0000:0000  Imp  GETSYSTEMMENU        (USER.156)
 0000:0000  Imp  SETBKMODE            (GDI.2)
 0000:0000  Imp  GETDLGITEM           (USER.91)
 0000:0000  Imp  GLOBALLOCK           (KERNEL.18)
 0000:0000  Imp  SETSCROLLPOS         (USER.62)
 0000:0000  Imp  DESTROYWINDOW        (USER.53)
 0000:0000  Imp  CREATEWINDOW         (USER.41)
 0000:0000  Imp  POSTQUITMESSAGE      (USER.6)
 0000:0000  Imp  DISPATCHMESSAGE      (USER.114)
 0000:0000  Imp  GETINSTANCEDATA      (KERNEL.54)
 0000:0000  Imp  GETCURRENTTIME       (USER.15)
 0000:0000  Imp  INFLATERECT          (USER.78)
 0000:0000  Imp  PATBLT               (GDI.29)
 0000:0000  Imp  CREATEBRUSHINDIRECT  (GDI.50)
 0000:0000  Imp  ISWINDOW             (USER.47)
 0000:0006  Abs  PLOCALHEAP
 0000:0008  Abs  pAtomTable
 0000:000A  Abs  pStackTop
 0000:000C  Abs  pStackMin
 0000:000E  Abs  pStackBot
 0000:9876  Abs  __acrtused
 0001:0000       WINMAIN
 0001:00F0       chkstk
 0001:00F0       __chkstk
 0001:00F0       _chkstk
 0001:010D       __astkovr
 0001:0110       __cintDIV
 0001:0113       __fptrap
 0001:011C       __NMSG_TEXT
 0001:011C       __NMSG_WRITE
 0001:0121       __astart
 0001:0183       __nullcheck
 0001:0184       __myalloc
 0001:019C       _sbrk
 0001:01A4       _brk
 0001:01AC       _toChandle
 0001:01C0       _malloc
 0001:01E3       _calloc
 0001:020F       _free
 0001:021E       __msize
 0001:022D       _realloc
 0001:0253       __expand
 0001:0279       __memavl
 0001:0288       __freect
 0001:029C       __nmalloc
 0001:02BF       __nfree
 0001:02CE       __nmsize
 0001:02DD       __fmalloc
 0001:0306       __ffree
 0001:0315       __fmsize
 0001:0324       _halloc
 0001:0361       _hfree
 0001:0370       __cinit
 0001:041F       _exit
 0001:0436       __exit
 0001:0462       __ctermsub
 0001:048A       __setargv
 0001:056F       __setenvp
 0001:05D5       __aNNaulmul
 0001:05D5       __aNFbulmul
 0001:05F7       __aNulmul
 0001:05F7       __aNlmul
 0002:0000       GETOLDDATA
 0002:00E5       INITINSTANCE
 0002:03E8       CARDFILEINIT
 0003:0000       MERGECARDFILE
 0003:0347       READCARDFILE
 0003:047F       APPENDEXTENSION
 0003:0504       WRITECARDFILE
 0003:0A42       WRITECURCARD
 0003:0C73       READCURCARDDATA
 0003:0EC7       MAKETMPFILE
 0003:0F2B       FRENAME
 0003:0F46       FDELETE
 0003:0F66       MYLREAD
 0003:0F82       MYREAD
 0003:0F9C       MYLWRITE
 0003:0FB8       MYWRITE
 0003:0FD2       MYOPEN
 0003:0FF8       MYCLOSE
 0003:101A       MYLSEEK
 0003:1045       MYLSTRLEN
 0003:106D       MYLSTRCPY
 0003:109A       MYLSTRCAT
 0003:10CF       MYLSTRCMP
 0004:0000       CardfileWndProc
 0004:03A1       CARDFILEERASEBKGND
 0004:0442       CARDFILEPAINT
 0004:06B2       PHONEPAINT
 0004:07BA       PAINTNEWHEADERS
 0004:08F5       CARDFILESIZE
 0004:0970       CARDFILEINPUT
 0004:1088       SETTOPCARD
 0004:10F4       PUTUPDB
 0004:1169       UPDATEMENU
 0004:13E0       SETEDITTEXT
 0004:13FE       CARDFILEMOUSE
 0004:1597       GETNEWCARD
 0004:1635       MAPPTTOCARD
 0004:1724       CARDFILEOKERROR
 0004:1748       MYMESSAGEBOX
 0004:17BC       MERGESTRINGS
 0004:185A       MAKEBLANKCARD
 0004:1879       SETCAPTION
 0004:189A       BUILDCAPTION
 0004:1935       CARDFILEWININICHANGE
 0004:19BE       CARDFILESCROLL
 0004:1B53       PHONESCROLL
 0004:1C4B       SETSCRRANGEANDPOS
 0004:1CED       CardWndProc
 0004:1DFF       CARDPAINT
 0004:1EC1       DELETECARD
 0004:1F14       ADDCURCARD
 0004:2030       KANJIXLAT
 0004:2082       SAVECURRENTCARD
 0004:21A5       SETCURCARD
 0004:2295       CARDKEY
 0004:2317       CARDCHAR
 0004:2473       BRINGCARDONSCREEN
 0004:2556       PHONEKEY
 0004:264B       REPMOV
 0004:2666       REPMOVUP
 0004:2688       DOMERGE
 0004:273D       DOOPEN
 0004:27EE       MAYBESAVEFILE
 0004:2903       GETNEWFILENAME
 0005:0000       SETUPPRINTING
 0005:01D2       FINISHPRINTING
 0005:021A       PRINTLIST
 0005:0315       PRINTCARDS
 0005:0630       PRINTCURCARD
 0005:0823       fnAbortProc
 0005:0896       fnAbortDlgProc
 0005:096E       PRINTERROR
 0005:09B0       DOCUTCOPY
 0005:0ACA       DOPASTE
 0005:0C17       MAKEBITMAPCOPY
 0005:0CF6       BMMOUSE
 0005:0EEF       TURNONBITMAPRECT
 0005:0F47       TURNOFFBITMAPRECT
 0005:0F5D       XORBITMAPRECT
 0005:0F89       DRAWXORRECT
 0005:1054       BMKEY
 0006:0000       fnOpen
 0006:02F8       DLGADDCORRECTEXTENSION
 0006:03CC       FSEARCHSPEC
 0006:03F3       fnSave
 0006:05AD       PFILEINPATH
 0006:0608       CHECKOKENABLE
 0006:0646       fnAbout
 0006:06D4       INTEGERTOASCII
 0006:0746       DlgProc
 0006:0845       fnDial
 0006:0BA5       DOGOTO
 0006:0C9C       FINDSTRCARD
 0006:0ED3       ANSIFIND
 0006:0F86       GETPHONENUMBER
 0006:108C       PARSENUMBER
 0006:1149       DODIAL
 0006:12C6       SETPORTSTATE
 0006:13CF       MAKEDIALCMD
 0007:0004       rsrvptrs
 0007:0060       RESZERO
 0007:00A8       RGCHCARDFILECLASS
 0007:00B2       CARDPHONE
 0007:00B4       IFIRSTCARD
 0007:00B6       ITOPCARD
 0007:00B8       RGCHWINDOWS
 0007:00C0       RGCHDEVICE
 0007:00C8       FSETTINGTEXT
 0007:00CA       EDITMODE
 0007:00CC       FNEEDTOUPDATEBITMAP
 0007:00CE       FFILEDIRTY
 0007:00D0       SZEXTSAVE
 0007:00D8       FCARDCLEARED
 0007:00DA       FSCROLLING
 0007:00DC       FREADONLY
 0007:00DE       FCANPRINT
 0007:00E0       FWININIMODEM
 0007:00E2       FMODEMONCOM1
 0007:00E4       FTONE
 0007:00E6       FFASTMODEM
 0007:00F0       STKHQQ
 0007:00FC       __amblksiz
 0007:010A       __aintdiv
 0007:010E       __fac
 0007:0116       _errno
 0007:0118       __umaskval
 0007:011A       __pspadr
 0007:011C       __psp
 0007:011E       __osmajor
 0007:011E       __dosvermajor
 0007:011F       __osminor
 0007:011F       __dosverminor
 0007:0120       __doserrno
 0007:0120       __oserr
 0007:0122       __osfile
 0007:0136       ___argc
 0007:0138       ___argv
 0007:013A       _environ
 0007:013C       __child
 0007:013E       __csigtab
 0007:014A       __fpinit
 0007:0160       _edata
 0007:0160       MAINREOPEN
 0007:01E0       DRAGRECT
 0007:01E8       HBRLINE
 0007:01EA       FERROR
 0007:01EC       EXTLEADING
 0007:01EE       CURCARDHEAD
 0007:0222       LPFNDIAL
 0007:0226       XMAX
 0007:0228       YMAX
 0007:022A       HBRBLACK
 0007:022C       HSYSMENU
 0007:022E       TMPFILE
 0007:02AE       LPFNABORTDLGPROC
 0007:02B2       CARDWIDTH
 0007:02B4       CURCARD
 0007:02C2       CSCREENHEADS
 0007:02C4       CHARPRINTWIDTH
 0007:02C6       LPEDITWNDPROC
 0007:02CA       CFSHEADS
 0007:02CC       HACCEL
 0007:02CE       FBMDOWN
 0007:02D0       HCARDFILEINSTANCE
 0007:02D2       HCARDWND
 0007:02D4       HARROWCURS
 0007:02D6       LPFNABOUT
 0007:02DA       CCARDS
 0007:02DC       NOTENOUGHMEM
 0007:030E       HEDITCURS
 0007:0310       HCARDS
 0007:0312       HCARDFILEWND
 0007:0314       LPFNOPEN
 0007:0318       CHARPRINTHEIGHT
 0007:031A       CSCREENCARDS
 0007:031C       CHARFIXHEIGHT
 0007:031E       RGCHCARDFILE
 0007:0346       LPDLGPROC
 0007:034A       CXMAINWINDOW
 0007:034C       CYMAINWINDOW
 0007:034E       HBRGRAY
 0007:0350       FABORT
 0007:0352       RGCHCARDDATA
 0007:037A       ICARDSTARTSCROLL
 0007:037C       HWAITCURS
 0007:037E       HABORTDLGWND
 0007:0380       CARDPRINTWIDTH
 0007:0382       DBCMD
 0007:0384       WMERGE
 0007:0386       DRAGPT
 0007:038A       LPFNSAVE
 0007:038E       EXTPRINTLEADING
 0007:0390       CURIFILE
 0007:0410       CARDPRINTHEIGHT
 0007:0412       RGCHUNTITLED
 0007:0430       TMPREOPEN
 0007:04B0       CURIFIND
 0007:04D8       HBRWHITE
 0007:04DA       LPFNABORTPROC
 0007:04DE       YSPACING
 0007:04E0       XFIRSTCARD
 0007:04E2       YFIRSTCARD
 0007:04E4       HBRBACK
 0007:04E6       CARDHEIGHT
 0007:04E8       CHARFIXWIDTH

Program entry point at 0001:0121
